// Jest Snapshot v1, https://goo.gl/fbAQLP

exports[`renders correctly 1`] = `
<main
  class="MuiBox-root MuiBox-root-3 makeStyles-root-1"
>
  <div
    class="MuiContainer-root MuiContainer-maxWidthSm"
  >
    <h2
      class="MuiTypography-root MuiTypography-h5 MuiTypography-gutterBottom"
    >
      Charakter wählen
    </h2>
    <p
      class="MuiTypography-root MuiTypography-body2 MuiTypography-colorTextSecondary"
    >
      Scanne eine Charakterkarte um am Spiel teilzunehmen. Dein gewählter Charakter gibt dir bei jeder Aktion im Spiel einen Bonus!
    </p>
    <svg
      aria-hidden="true"
      class="MuiSvgIcon-root makeStyles-arrow-2"
      focusable="false"
      viewBox="0 0 24 24"
    >
      <path
        d="M20 12l-1.41-1.41L13 16.17V4h-2v12.17l-5.58-5.59L4 12l8 8 8-8z"
      />
    </svg>
  </div>
</main>
`;
