// Jest Snapshot v1, https://goo.gl/fbAQLP

exports[`renders correctly 1`] = `
<article
  class="MuiPaper-root MuiPaper-elevation MuiPaper-rounded MuiPaper-elevation1 MuiCard-root css-xaep3o-MuiPaper-root-MuiCard-root"
>
  <div
    class="MuiCardContent-root css-46bh2p-MuiCardContent-root"
  >
    <header
      class="MuiBox-root css-19idom"
    >
      <h2
        class="MuiTypography-root MuiTypography-h5 css-1jcm1rz-MuiTypography-root"
      >
        Spielstand
      </h2>
      <p
        class="MuiTypography-root MuiTypography-body2 css-r40f8v-MuiTypography-root"
      >
        Der Status eurer gemeinsamen Mission. Achtet darauf, dass kein Wert 0 erreicht!
      </p>
    </header>
    <ul
      class="MuiList-root css-1mk9mw3-MuiList-root"
    >
      <div>
        hypothetical GameParameter
      </div>
      <div>
        hypothetical GameParameter
      </div>
    </ul>
  </div>
</article>
`;
