// Jest Snapshot v1, https://goo.gl/fbAQLP

exports[`renders correctly 1`] = `
<main
  class="MuiBox-root css-elj48x"
>
  <div
    class="MuiContainer-root MuiContainer-maxWidthSm css-cuefkz-MuiContainer-root"
  >
    <h2
      class="MuiTypography-root MuiTypography-h5 MuiTypography-gutterBottom css-h93ljk-MuiTypography-root"
    >
      Spiel pausiert
    </h2>
    <p
      class="MuiTypography-root MuiTypography-body2 css-r40f8v-MuiTypography-root"
    >
      Das Spiel ist pausiert. Du kannst es aber für alle fortsetzen.
    </p>
    <div
      class="MuiBox-root css-fv0itm"
    >
      <button
        class="MuiButton-root MuiButton-outlined MuiButton-outlinedPrimary MuiButton-sizeMedium MuiButton-outlinedSizeMedium MuiButtonBase-root  css-1rwt2y5-MuiButtonBase-root-MuiButton-root"
        tabindex="0"
        type="button"
      >
        Spiel für alle fortsetzen
        <span
          class="MuiTouchRipple-root css-8je8zh-MuiTouchRipple-root"
        />
      </button>
    </div>
  </div>
</main>
`;
