// Jest Snapshot v1, https://goo.gl/fbAQLP

exports[`renders correctly 1`] = `
<div
  class="makeStyles-root-1"
>
  <header
    class="MuiPaper-root MuiAppBar-root MuiAppBar-positionFixed MuiAppBar-colorInherit mui-fixed MuiPaper-elevation4"
  >
    <div
      class="MuiToolbar-root MuiToolbar-regular MuiToolbar-gutters"
    >
      <h1
        class="MuiTypography-root makeStyles-appBarTitle-2 MuiTypography-h6"
      >
        Diversity Puzzle Trails
      </h1>
    </div>
  </header>
  <nav
    class="MuiPaper-root makeStyles-bottomNavigation-3 MuiPaper-elevation8 MuiPaper-rounded"
  >
    <div
      class="MuiBottomNavigation-root"
    >
      <button
        class="MuiButtonBase-root MuiBottomNavigationAction-root Mui-selected"
        tabindex="0"
        type="button"
      >
        <span
          class="MuiBottomNavigationAction-wrapper"
        >
          <svg
            aria-hidden="true"
            class="MuiSvgIcon-root"
            focusable="false"
            viewBox="0 0 24 24"
          >
            <path
              d="M10 20v-6h4v6h5v-8h3L12 3 2 12h3v8z"
            />
          </svg>
          <span
            class="MuiBottomNavigationAction-label Mui-selected"
          >
            Status
          </span>
        </span>
        <span
          class="MuiTouchRipple-root"
        />
      </button>
      <button
        class="MuiButtonBase-root MuiBottomNavigationAction-root"
        tabindex="0"
        type="button"
      >
        <span
          class="MuiBottomNavigationAction-wrapper"
        >
          <svg
            aria-hidden="true"
            class="MuiSvgIcon-root"
            focusable="false"
            viewBox="0 0 24 24"
          >
            <path
              d="M9.5 6.5v3h-3v-3h3M11 5H5v6h6V5zm-1.5 9.5v3h-3v-3h3M11 13H5v6h6v-6zm6.5-6.5v3h-3v-3h3M19 5h-6v6h6V5zm-6 8h1.5v1.5H13V13zm1.5 1.5H16V16h-1.5v-1.5zM16 13h1.5v1.5H16V13zm-3 3h1.5v1.5H13V16zm1.5 1.5H16V19h-1.5v-1.5zM16 16h1.5v1.5H16V16zm1.5-1.5H19V16h-1.5v-1.5zm0 3H19V19h-1.5v-1.5zM22 7h-2V4h-3V2h5v5zm0 15v-5h-2v3h-3v2h5zM2 22h5v-2H4v-3H2v5zM2 2v5h2V4h3V2H2z"
            />
          </svg>
          <span
            class="MuiBottomNavigationAction-label"
          >
            Scanner
          </span>
        </span>
        <span
          class="MuiTouchRipple-root"
        />
      </button>
    </div>
  </nav>
  <main
    class="MuiBox-root MuiBox-root-6 makeStyles-root-4"
  >
    <div
      class="MuiContainer-root MuiContainer-maxWidthSm"
    >
      <h2
        class="MuiTypography-root MuiTypography-h5 MuiTypography-gutterBottom"
      >
        Charakter wählen
      </h2>
      <p
        class="MuiTypography-root MuiTypography-body2 MuiTypography-colorTextSecondary"
      >
        Scanne eine Charakterkarte um am Spiel teilzunehmen. Dein gewählter Charakter gibt dir bei jeder Aktion im Spiel einen Bonus!
      </p>
      <svg
        aria-hidden="true"
        class="MuiSvgIcon-root makeStyles-arrow-5"
        focusable="false"
        viewBox="0 0 24 24"
      >
        <path
          d="M20 12l-1.41-1.41L13 16.17V4h-2v12.17l-5.58-5.59L4 12l8 8 8-8z"
        />
      </svg>
    </div>
  </main>
</div>
`;
