// Jest Snapshot v1, https://goo.gl/fbAQLP

exports[`renders correctly when no game id is supplied 1`] = `
<div>
  <header
    class="MuiPaper-root MuiAppBar-root MuiAppBar-positionFixed MuiAppBar-colorInherit mui-fixed MuiPaper-elevation4"
  >
    <div
      class="MuiToolbar-root MuiToolbar-regular MuiToolbar-gutters"
    >
      <h1
        class="MuiTypography-root makeStyles-appBarTitle-1 MuiTypography-h6"
      >
        An einem Spiel teilnehmen
      </h1>
    </div>
  </header>
  <main
    class="MuiBox-root MuiBox-root-2"
  >
    <div
      class="MuiContainer-root MuiContainer-maxWidthSm"
    >
      <form>
        <div
          class="MuiBox-root MuiBox-root-3"
        >
          <p
            class="MuiTypography-root MuiTypography-body1"
          >
            Um an einem Spiel teilzunehmen ist ein Spiel-Code erforderlich. Bitte tippe diesen hier ein:
          </p>
        </div>
        <div
          class="MuiBox-root MuiBox-root-4"
        >
          <div
            class="MuiFormControl-root MuiTextField-root MuiFormControl-fullWidth"
          >
            <label
              class="MuiFormLabel-root MuiInputLabel-root MuiInputLabel-formControl MuiInputLabel-animated MuiInputLabel-outlined Mui-required Mui-required"
              data-shrink="false"
              for="gameId"
              id="gameId-label"
            >
              Spiel-Code
              <span
                aria-hidden="true"
                class="MuiFormLabel-asterisk MuiInputLabel-asterisk"
              >
                 
                *
              </span>
            </label>
            <div
              class="MuiInputBase-root MuiOutlinedInput-root MuiInputBase-fullWidth MuiInputBase-formControl"
            >
              <input
                aria-invalid="false"
                class="MuiInputBase-input MuiOutlinedInput-input"
                id="gameId"
                name="gameId"
                required=""
                type="text"
                value=""
              />
              <fieldset
                aria-hidden="true"
                class="PrivateNotchedOutline-root-5 MuiOutlinedInput-notchedOutline"
              >
                <legend
                  class="PrivateNotchedOutline-legendLabelled-7"
                >
                  <span>
                    Spiel-Code
                     *
                  </span>
                </legend>
              </fieldset>
            </div>
          </div>
        </div>
        <div
          class="MuiBox-root MuiBox-root-9"
        >
          <button
            class="MuiButtonBase-root MuiButton-root MuiButton-contained MuiButton-containedPrimary MuiButton-containedSizeLarge MuiButton-sizeLarge MuiButton-fullWidth"
            tabindex="0"
            type="submit"
          >
            <span
              class="MuiButton-label"
            >
              Am Spiel teilnehmen
            </span>
            <span
              class="MuiTouchRipple-root"
            />
          </button>
        </div>
      </form>
    </div>
  </main>
</div>
`;
